
* Started at 2026-08-16T21:28:27.184252127Z

* Settings
Project dir: /home/olowo/IdeaProjects/GradleExperiments-v2/measure/feature-module-3000/.
Output dir: /home/olowo/IdeaProjects/GradleExperiments-v2/measure/feature-module-3000/results-probe
Profiler: none
Benchmark: true
Versions: []
Gradle User Home: /home/olowo/IdeaProjects/GradleExperiments-v2/measure/feature-module-3000/gradle-user-home
Targets: default scenarios
Warm-ups: 0
Builds: 1

* Inspecting the build using its default Gradle version
Isolated Projects is an incubating feature.
Calculating task graph as no cached configuration is available for tasks: :help
> Task :build-logic:convention:checkKotlinGradlePluginConfigurationErrors SKIPPED
> Task :build-logic:convention:compileKotlin UP-TO-DATE
> Task :build-logic:convention:compileJava NO-SOURCE
> Task :build-logic:convention:pluginDescriptors UP-TO-DATE
> Task :build-logic:convention:processResources UP-TO-DATE
> Task :build-logic:convention:classes UP-TO-DATE
> Task :build-logic:convention:jar UP-TO-DATE

> Task :help

Welcome to Gradle 9.8.0-20260816210000+0000.

To run a build, run gradle <task> ...

To see a list of available tasks, run gradle tasks

To see more detail about a task, run gradle help --task <task>

To see a list of command-line options, run gradle --help

For more detail on using Gradle, see https://docs.gradle.org/9.8.0-20260816210000+0000/userguide/command_line_interface.html

For troubleshooting, visit https://help.gradle.org

[Incubating] Problems report is available at: file:///home/olowo/IdeaProjects/GradleExperiments-v2/measure/feature-module-3000/build/reports/problems/problems-report.html

Deprecated Gradle features were used in this build, making it incompatible with Gradle 10.

You can use '--warning-mode all' to show the individual deprecation warnings and determine if they come from your own scripts or plugins.

For more on this, please refer to https://docs.gradle.org/9.8.0-20260816210000+0000/userguide/command_line_interface.html#sec:command_line_warnings in the Gradle documentation.

BUILD SUCCESSFUL in 1m 43s
5 actionable tasks: 1 executed, 4 up-to-date
Configuration cache entry stored.

* Stopping daemons
Running command /home/olowo/IdeaProjects/GradleExperiments-v2/measure/feature-module-3000/gradle-user-home/wrapper/dists/gradle-9.8.0-bin/2mnsxxzcxjvjjwa48iyow8v2s/gradle-9.8.0-20260816210000+0000/bin/gradle --stop --gradle-user-home /home/olowo/IdeaProjects/GradleExperiments-v2/measure/feature-module-3000/gradle-user-home

Welcome to Gradle 9.8.0-20260816210000+0000!

Stopping Daemon(s)
1 Daemon stopped

* Scenarios
Scenario: Android Studio sync (Gradle daemon OOM repro) using Gradle 9.8.0-20260816210000+0000
  Gradle 9.8.0-20260816210000+0000 (/home/olowo/IdeaProjects/GradleExperiments-v2/measure/feature-module-3000/gradle-user-home/wrapper/dists/gradle-9.8.0-bin/2mnsxxzcxjvjjwa48iyow8v2s/gradle-9.8.0-20260816210000+0000)
  Run using: IDE
  Run: IDE sync
  Cleanup: do nothing
  Gradle args: []
  Build operations trace: false
  Build changes: []
  Warm-ups: 0
  Builds: 1

* Running scenario Android Studio sync (Gradle daemon OOM repro) using Gradle 9.8.0-20260816210000+0000 (scenario 1/1)

* Stopping daemons
Running command /home/olowo/IdeaProjects/GradleExperiments-v2/measure/feature-module-3000/gradle-user-home/wrapper/dists/gradle-9.8.0-bin/2mnsxxzcxjvjjwa48iyow8v2s/gradle-9.8.0-20260816210000+0000/bin/gradle --stop --gradle-user-home /home/olowo/IdeaProjects/GradleExperiments-v2/measure/feature-module-3000/gradle-user-home
No Gradle daemons are running.

* Build details
Gradle version: Gradle 9.8.0-20260816210000+0000
Java home: /usr/lib/jvm/java-26-openjdk
OS: linux amd64 7.0.11-zen1-1-zen
JVM args:
  -Xms2g
  -Xmx11g
  -Dfile.encoding=UTF-8
  -Duser.country
  -Duser.language=en
  -Duser.variant
  -Dgradle.internal.probe.legacyResolvedGraph=true
  -Dfile.encoding=UTF-8
  -Dorg.gradle.profiler.scenario=studio-sync-oom
Gradle args:
  --gradle-user-home
  /home/olowo/IdeaProjects/GradleExperiments-v2/measure/feature-module-3000/gradle-user-home
  -I
  /tmp/gradleProfiler13093965681534168382.gradle

* Using args for instrumented builds:

* Running measured build #1


* Starting Android Studio at /opt/android-studio
* Start command: /opt/android-studio/bin/studio.sh
* Additional JVM args:
  -javaagent:/tmp/ide-agent9415615704955610788.jar=32787,/tmp/instrumentation-support8279718831558831055.jar
  --add-exports=java.base/jdk.internal.misc=ALL-UNNAMED
  -Xbootclasspath/a:/tmp/asm1915764944598056576.jar:/tmp/client-protocol13595040499906057598.jar
  -Xms256m
  -Xmx2g
  -XX:+HeapDumpOnOutOfMemoryError
  -XX:HeapDumpPath=/home/olowo/IdeaProjects/GradleExperiments-v2/measure/feature-module-3000/heap-dumps/ide
  -XX:HeapDumpGzipLevel=1
  -Didea.gradle.distributionType=BUNDLED
  -Dgradle.profiler.startup.port=39915
  -Dgradle.profiler.port=43699
  -Didea.plugins.path=/home/olowo/IdeaProjects/GradleExperiments-v2/measure/feature-module-3000/results-probe/studio-sandbox/plugins
  -Didea.config.path=/home/olowo/IdeaProjects/GradleExperiments-v2/measure/feature-module-3000/results-probe/studio-sandbox/config
  -Didea.log.path=/home/olowo/IdeaProjects/GradleExperiments-v2/measure/feature-module-3000/results-probe/studio-sandbox/logs
  -Djava.awt.headless=true
  -Didea.trust.all.projects=true
  -Didea.system.path=/home/olowo/IdeaProjects/GradleExperiments-v2/measure/feature-module-3000/results-probe/studio-sandbox/system
  -Dexternal.system.auto.import.disabled=true
* Additional JVM args can be found at: /home/olowo/IdeaProjects/GradleExperiments-v2/measure/feature-module-3000/results-probe/studio-sandbox/scenarioOptions/idea.vmoptions
* IDEA properties:
* IDEA properties can be found at: /home/olowo/IdeaProjects/GradleExperiments-v2/measure/feature-module-3000/results-probe/studio-sandbox/scenarioOptions/idea.properties
* Android Studio logs can be found at: /home/olowo/IdeaProjects/GradleExperiments-v2/measure/feature-module-3000/results-probe/studio-sandbox/logs/idea.log
* Using command line: /opt/android-studio/bin/studio.sh headless-starter /home/olowo/IdeaProjects/GradleExperiments-v2/measure/feature-module-3000/.

Running command /opt/android-studio/bin/studio.sh headless-starter /home/olowo/IdeaProjects/GradleExperiments-v2/measure/feature-module-3000/.
CompileCommand: exclude org/jetbrains/kotlin/serialization/deserialization/TypeDeserializer.simpleType bool exclude = true
CompileCommand: exclude org/jetbrains/kotlin/serialization/deserialization/TypeDeserializer.toAttributes bool exclude = true
PROFILER AGENT RUNNING
* Connected to controller process
2026-08-17 00:30:14,611 [     93]   WARN - #c.i.i.p.PluginManager - Dist index is missing or corrupted; an OLD, DEPRECATED, SOON-TO-BE-REMOVED implementation will be used
2026-08-17 00:30:14,947 [    429]   WARN - #c.i.i.p.PluginManager - intellij.cidr.util.ui has accessibility problem which is currently ignored: it has no namespace specified and depends on module 'intellij.cidr.util' which is registered in 'com.intellij.cidr.base' plugin with internal visibility in unspecified namespace
2026-08-17 00:30:14,947 [    429]   WARN - #c.i.i.p.PluginManager - intellij.cidr.util.serializer has accessibility problem which is currently ignored: it has no namespace specified and depends on module 'intellij.cidr.util' which is registered in 'com.intellij.cidr.base' plugin with internal visibility in unspecified namespace
2026-08-17 00:30:14,947 [    429]   WARN - #c.i.i.p.PluginManager - intellij.cidr.lang.base has accessibility problem which is currently ignored: it has no namespace specified and depends on module 'intellij.cidr.core' which is registered in 'com.intellij.cidr.debugger' plugin with internal visibility in namespace 'jetbrains'
2026-08-17 00:30:14,948 [    430]   WARN - #c.i.i.p.PluginManager - intellij.cidr.lang.base has accessibility problem which is currently ignored: it has no namespace specified and depends on module 'intellij.cidr.util' which is registered in 'com.intellij.cidr.base' plugin with internal visibility in unspecified namespace
2026-08-17 00:30:14,948 [    430]   WARN - #c.i.i.p.PluginManager - intellij.cidr.projectModel has accessibility problem which is currently ignored: it has no namespace specified and depends on module 'intellij.cidr.core' which is registered in 'com.intellij.cidr.debugger' plugin with internal visibility in namespace 'jetbrains'
2026-08-17 00:30:14,948 [    430]   WARN - #c.i.i.p.PluginManager - intellij.cidr.projectModel has accessibility problem which is currently ignored: it has no namespace specified and depends on module 'intellij.cidr.util' which is registered in 'com.intellij.cidr.base' plugin with internal visibility in unspecified namespace
2026-08-17 00:30:14,948 [    430]   WARN - #c.i.i.p.PluginManager - intellij.cidr.projectModel has accessibility problem which is currently ignored: it has no namespace specified and depends on module 'intellij.cidr.util.serializer' which is registered in 'com.intellij.cidr.base' plugin with internal visibility in unspecified namespace
2026-08-17 00:30:14,948 [    430]   WARN - #c.i.i.p.PluginManager - intellij.cidr.workspaceModel has accessibility problem which is currently ignored: it has no namespace specified and depends on module 'intellij.cidr.core' which is registered in 'com.intellij.cidr.debugger' plugin with internal visibility in namespace 'jetbrains'
2026-08-17 00:30:14,948 [    430]   WARN - #c.i.i.p.PluginManager - intellij.cidr.workspaceModel has accessibility problem which is currently ignored: it has no namespace specified and depends on module 'intellij.cidr.util' which is registered in 'com.intellij.cidr.base' plugin with internal visibility in unspecified namespace
2026-08-17 00:30:14,948 [    430]   WARN - #c.i.i.p.PluginManager - intellij.cidr.execution has accessibility problem which is currently ignored: it has no namespace specified and depends on module 'intellij.cidr.core' which is registered in 'com.intellij.cidr.debugger' plugin with internal visibility in namespace 'jetbrains'
2026-08-17 00:30:14,949 [    431]   WARN - #c.i.i.p.PluginManager - intellij.cidr.execution has accessibility problem which is currently ignored: it has no namespace specified and depends on module 'intellij.cidr.util' which is registered in 'com.intellij.cidr.base' plugin with internal visibility in unspecified namespace
2026-08-17 00:30:14,949 [    431]   WARN - #c.i.i.p.PluginManager - intellij.cidr.execution has accessibility problem which is currently ignored: it has no namespace specified and depends on module 'intellij.cidr.util.ui' which is registered in 'com.intellij.cidr.base' plugin with internal visibility in unspecified namespace
2026-08-17 00:30:14,949 [    431]   WARN - #c.i.i.p.PluginManager - intellij.c.core has accessibility problem which is currently ignored: it is from namespace 'jetbrains' and depends on module 'intellij.cidr.util' which is registered in 'com.intellij.cidr.base' plugin with internal visibility in unspecified namespace
2026-08-17 00:30:14,949 [    431]   WARN - #c.i.i.p.PluginManager - intellij.c.core has accessibility problem which is currently ignored: it is from namespace 'jetbrains' and depends on module 'intellij.cidr.util.serializer' which is registered in 'com.intellij.cidr.base' plugin with internal visibility in unspecified namespace
2026-08-17 00:30:14,949 [    431]   WARN - #c.i.i.p.PluginManager - intellij.c.testing has accessibility problem which is currently ignored: it is from namespace 'jetbrains' and depends on module 'intellij.cidr.util.serializer' which is registered in 'com.intellij.cidr.base' plugin with internal visibility in unspecified namespace
2026-08-17 00:30:14,949 [    431]   WARN - #c.i.i.p.PluginManager - intellij.cidr.clangd.core has accessibility problem which is currently ignored: it is from namespace 'jetbrains' and depends on module 'intellij.cidr.util' which is registered in 'com.intellij.cidr.base' plugin with internal visibility in unspecified namespace
2026-08-17 00:30:14,949 [    431]   WARN - #c.i.i.p.PluginManager - intellij.cidr.clangd.core has accessibility problem which is currently ignored: it is from namespace 'jetbrains' and depends on module 'intellij.cidr.util.serializer' which is registered in 'com.intellij.cidr.base' plugin with internal visibility in unspecified namespace
2026-08-17 00:30:14,950 [    432]   WARN - #c.i.i.p.PluginManager - intellij.cidr.clangd.legacyBridge has accessibility problem which is currently ignored: it is from namespace 'jetbrains' and depends on module 'intellij.cidr.util' which is registered in 'com.intellij.cidr.base' plugin with internal visibility in unspecified namespace
2026-08-17 00:30:14,950 [    432]   WARN - #c.i.i.p.PluginManager - intellij.cidr.clangFormat.common has accessibility problem which is currently ignored: it has no namespace specified and depends on module 'intellij.cidr.clangd.core' which is registered in 'com.intellij.cidr.lang.clangd' plugin with internal visibility in namespace 'jetbrains'
2026-08-17 00:30:14,950 [    432]   WARN - #c.i.i.p.PluginManager - intellij.cidr.clangFormat.common has accessibility problem which is currently ignored: it has no namespace specified and depends on module 'intellij.cidr.util' which is registered in 'com.intellij.cidr.base' plugin with internal visibility in unspecified namespace
2026-08-17 00:30:14,950 [    432]   WARN - #c.i.i.p.PluginManager - intellij.cidr.clangFormat.common has accessibility problem which is currently ignored: it has no namespace specified and depends on module 'intellij.platform.core.impl' which is registered in 'com.intellij' plugin with internal visibility in namespace 'jetbrains'
2026-08-17 00:30:14,950 [    432]   WARN - #c.i.i.p.PluginManager - intellij.cidr.clangd.clangFormat has accessibility problem which is currently ignored: it is from namespace 'jetbrains' and depends on module 'intellij.cidr.clangFormat.common' which is registered in 'com.intellij.cidr.base' plugin with internal visibility in unspecified namespace
2026-08-17 00:30:14,950 [    432]   WARN - #c.i.i.p.PluginManager - intellij.cidr.clangFormat.schema has accessibility problem which is currently ignored: it has no namespace specified and depends on module 'intellij.cidr.clangFormat.common' which is registered in 'com.intellij.cidr.base' plugin with internal visibility in unspecified namespace
2026-08-17 00:30:14,950 [    432]   WARN - #c.i.i.p.PluginManager - org.jetbrains.android has accessibility problem which is currently ignored: it has no namespace specified and depends on module 'intellij.libraries.grpc.netty.shaded' which is registered in 'com.intellij' plugin with internal visibility in namespace 'jetbrains'
2026-08-17 00:30:14,951 [    433]   WARN - #c.i.i.p.PluginManager - org.jetbrains.android has accessibility problem which is currently ignored: it has no namespace specified and depends on module 'intellij.settingsSync.core' which is registered in 'com.intellij' plugin with internal visibility in namespace 'jetbrains'
2026-08-17 00:30:14,951 [    433]   WARN - #c.i.i.p.PluginManager - org.jetbrains.android has accessibility problem which is currently ignored: it depends on module 'intellij.java.debugger.impl.backend' which private visibility in 'com.intellij.java' plugin
2026-08-17 00:30:14,951 [    433]   WARN - #c.i.i.p.PluginManager - org.jetbrains.android has accessibility problem which is currently ignored: it has no namespace specified and depends on module 'intellij.platform.debugger.impl.frontend' which is registered in 'com.intellij' plugin with internal visibility in namespace 'jetbrains'
2026-08-17 00:30:14,951 [    433]   WARN - #c.i.i.p.PluginManager - org.jetbrains.android has accessibility problem which is currently ignored: it depends on module 'intellij.platform.diagnostic.freezes' which private visibility in 'com.intellij' plugin
2026-08-17 00:30:14,951 [    433]   WARN - #c.i.i.p.PluginManager - org.jetbrains.android has accessibility problem which is currently ignored: it depends on module 'intellij.java.debugger.impl.frontend' which private visibility in 'com.intellij.java' plugin
2026-08-17 00:30:14,951 [    433]   WARN - #c.i.i.p.PluginManager - org.jetbrains.android has accessibility problem which is currently ignored: it depends on module 'intellij.platform.images.xdebugger' which private visibility in 'com.intellij.platform.images' plugin
2026-08-17 00:30:14,951 [    433]   WARN - #c.i.i.p.PluginManager - org.jetbrains.android has accessibility problem which is currently ignored: it has no namespace specified and depends on module 'intellij.platform.debugger.impl.backend' which is registered in 'com.intellij' plugin with internal visibility in namespace 'jetbrains'
2026-08-17 00:30:14,952 [    434]   WARN - #c.i.i.p.PluginManager - androidx.compose.plugins.idea has accessibility problem which is currently ignored: it depends on module 'intellij.compose.ide.plugin.gradleTooling.rt' which private visibility in 'com.intellij.compose' plugin
2026-08-17 00:30:14,952 [    434]   WARN - #c.i.i.p.PluginManager - androidx.compose.plugins.idea has accessibility problem which is currently ignored: it depends on module 'intellij.compose.ide.plugin.shared' which private visibility in 'com.intellij.compose' plugin
2026-08-17 00:30:14,952 [    434]   WARN - #c.i.i.p.PluginManager - com.google.services.firebase has accessibility problem which is currently ignored: it has no namespace specified and depends on module 'intellij.libraries.grpc.netty.shaded' which is registered in 'com.intellij' plugin with internal visibility in namespace 'jetbrains'
2026-08-17 00:30:14,952 [    434]   WARN - #c.i.i.p.PluginManager - com.google.gct.directaccess has accessibility problem which is currently ignored: it has no namespace specified and depends on module 'intellij.libraries.grpc.netty.shaded' which is registered in 'com.intellij' plugin with internal visibility in namespace 'jetbrains'
2026-08-17 00:30:14,952 [    434]   WARN - #c.i.i.p.PluginManager - com.android.tools.ndk has accessibility problem which is currently ignored: it has no namespace specified and depends on module 'intellij.c.debugger' which is registered in 'com.intellij.cidr.lang' plugin with internal visibility in namespace 'jetbrains'
2026-08-17 00:30:14,952 [    434]   WARN - #c.i.i.p.PluginManager - com.android.tools.ndk has accessibility problem which is currently ignored: it has no namespace specified and depends on module 'intellij.cidr.clangd.core' which is registered in 'com.intellij.cidr.lang.clangd' plugin with internal visibility in namespace 'jetbrains'
2026-08-17 00:30:14,952 [    434]   WARN - #c.i.i.p.PluginManager - com.google.tools.ij.aiplugin has accessibility problem which is currently ignored: it has no namespace specified and depends on module 'intellij.libraries.grpc.netty.shaded' which is registered in 'com.intellij' plugin with internal visibility in namespace 'jetbrains'
2026-08-17 00:30:14,997 [    479]   WARN - #c.i.p.instanceContainer - InstanceNotOverridableException: Override failed for com.intellij.openapi.project.impl.ProjectStoreFactory: com.intellij.configurationScript.providers.ConfigurationScriptProjectStoreFactory attempts to override com.intellij.configurationStore.PlatformLangProjectStoreFactory, but the existing implementation is not overriddable (not declared as 'open=true')
2026-08-17 00:30:15,009 [    491]   WARN - #c.i.p.instanceContainer - InstanceNotOverridableException: Override failed for com.intellij.openapi.application.IdeUrlTrackingParametersProvider: com.intellij.openapi.application.IdeUrlTrackingParametersProvider attempts to override com.intellij.ide.customization.UtmIdeUrlTrackingParametersProvider, but the existing implementation is not overriddable (not declared as 'open=true')
2026-08-17 00:30:15,426 [    908]   WARN - #c.i.p.instanceContainer - InstanceNotOverridableException: Override failed for com.android.tools.idea.databinding.analytics.api.DataBindingTracker: com.android.tools.idea.databinding.analytics.LayoutBindingTracker attempts to override com.android.tools.idea.databinding.analytics.DataBindingDefaultTracker, but the existing implementation is not overriddable (not declared as 'open=true')
2026-08-17 00:30:15,427 [    909]   WARN - #c.i.p.instanceContainer - InstanceNotOverridableException: Override failed for com.intellij.openapi.roots.ui.configuration.ProjectSettingsService: com.android.tools.idea.gradle.structure.AndroidProjectSettingsServiceImpl attempts to override com.intellij.openapi.roots.ui.configuration.IdeaProjectSettingsService, but the existing implementation is not overriddable (not declared as 'open=true')
2026-08-17 00:30:16,296 [   1778]   WARN - com.google.aiplugin.lucene.internal.vectorization.VectorizationProvider - Java vector incubator module is not readable. For optimal vector performance, pass '--add-modules jdk.incubator.vector' to enable Vector API.
2026-08-17 00:30:22,042 [   7524]   WARN - #c.i.p.instanceContainer - InstanceNotOverridableException: Override failed for com.android.tools.idea.databinding.analytics.api.DataBindingTracker: com.android.tools.idea.databinding.analytics.LayoutBindingTracker attempts to override com.android.tools.idea.databinding.analytics.DataBindingDefaultTracker, but the existing implementation is not overriddable (not declared as 'open=true')
2026-08-17 00:30:22,043 [   7525]   WARN - #c.i.p.instanceContainer - InstanceNotOverridableException: Override failed for com.intellij.openapi.roots.ui.configuration.ProjectSettingsService: com.android.tools.idea.gradle.structure.AndroidProjectSettingsServiceImpl attempts to override com.intellij.openapi.roots.ui.configuration.IdeaProjectSettingsService, but the existing implementation is not overriddable (not declared as 'open=true')
2026-08-17 00:30:22,821 [   8303]   WARN - #com.android.tools.ndk.HotfixForOCInitialTablesBuildingActivity - Overriding OCInitialTablesBuildingActivity with HotfixForOCInitialTablesBuildingActivity
2026-08-17 00:30:23,197 [   8679]   WARN - #c.i.v.g.r.GitRepositoriesHolder - State of repository RepositoryId(projectId=ProjectId#8ua5nreomiafpp42jvam, rootPath=/home/olowo/IdeaProjects/GradleExperiments-v2/measure/feature-module-3000) is not synchronized. Known repositories are: 
* Running sync in Android Studio...
* Sent sync request
* Sync has started, waiting for it to complete...
2026-08-17 00:30:23,505 [   8987]   WARN - #c.i.u.i.FileBasedIndexImpl - Suppressed a frequent exception logged for the 2nd time: null
2026-08-17 00:30:23,685 [   9167]   WARN - #com.android.studio.ml.bot.ui.compose.timeline.ComposeTimelineControllerImpl - Collector busy state changed, but can't be applied to state: Initializing
2026-08-17 00:30:23,740 [   9222]   WARN - #com.android.studio.ml.backends.aicode.AiCodeQuotaService - Failed to fetch quota status
io.grpc.StatusException: UNAUTHENTICATED
	at io.grpc.Status.asException(Status.java:547)
	at io.grpc.kotlin.ClientCalls$rpcImpl$1$1$1.onClose(ClientCalls.kt:300)
	at io.grpc.internal.DelayedClientCall$DelayedListener$3.run(DelayedClientCall.java:489)
	at io.grpc.internal.DelayedClientCall$DelayedListener.delayOrExecute(DelayedClientCall.java:453)
	at io.grpc.internal.DelayedClientCall$DelayedListener.onClose(DelayedClientCall.java:486)
	at io.grpc.internal.ClientCallImpl.closeObserver(ClientCallImpl.java:565)
	at io.grpc.internal.ClientCallImpl.access$100(ClientCallImpl.java:72)
	at io.grpc.internal.ClientCallImpl$ClientStreamListenerImpl$1StreamClosed.runInternal(ClientCallImpl.java:733)
	at io.grpc.internal.ClientCallImpl$ClientStreamListenerImpl$1StreamClosed.runInContext(ClientCallImpl.java:714)
	at io.grpc.internal.ContextRunnable.run(ContextRunnable.java:37)
	at io.grpc.internal.SerializingExecutor.run(SerializingExecutor.java:133)
	at java.base/java.util.concurrent.ThreadPoolExecutor.runWorker(Unknown Source)
	at java.base/java.util.concurrent.ThreadPoolExecutor$Worker.run(Unknown Source)
	at java.base/java.lang.Thread.run(Unknown Source)
Caused by: java.lang.IllegalStateException: Authenticator does not have OAuth token
	at com.android.studio.ml.backends.aicode.TokenCallCredentials.applyRequestMetadata$lambda$0(AiCodeEndpoint.kt:89)
	... 3 more
* Injecting support classes from /tmp/instrumentation-support8279718831558831055.jar
* Instrumenting GradleConnector
* Creating project connection
* Using Gradle home: /home/olowo/IdeaProjects/GradleExperiments-v2/measure/feature-module-3000/gradle-user-home/wrapper/dists/gradle-9.8.0-bin/2mnsxxzcxjvjjwa48iyow8v2s/gradle-9.8.0-20260816210000+0000
* Instrumenting GradleConnector
* Instrumenting BuildExecuter
* Starting tooling API operation org.gradle.tooling.internal.consumer.DefaultPhasedBuildActionExecuter@2b805068
* Gradle invocation 1 has started, waiting for it to complete...
* Using Gradle args: [--gradle-user-home, /home/olowo/IdeaProjects/GradleExperiments-v2/measure/feature-module-3000/gradle-user-home, -I, /tmp/gradleProfiler13093965681534168382.gradle]
* Using JVM args: [-Xms2g, -Xmx11g, -Dfile.encoding=UTF-8, -Duser.country, -Duser.language=en, -Duser.variant, -Dgradle.internal.probe.legacyResolvedGraph=true, -Dfile.encoding=UTF-8, -Dorg.gradle.profiler.scenario=studio-sync-oom, -Dorg.gradle.profiler.phase=MEASURE, -Dorg.gradle.profiler.phase.display.name=measured, -Dorg.gradle.profiler.number=1, -Dorg.gradle.profiler.step=BUILD]
2026-08-17 00:30:28,872 [  14354]   WARN - #o.j.p.g.j.IdeVersionedDataUpdater - Could not download new IDE versioned data for org.jetbrains.plugins.gradle.jvmcompat.GradleCompatibilitySupportUpdater
com.intellij.util.io.HttpRequests$HttpStatusException: We are sorry, but we are currently unable to provide our products or services to you due to export control regulations.. Status=451, Url=https://download.jetbrains.com/resources/intellij/plugins/gradle/v1/compatibility.json
	at com.intellij.util.io.HttpRequests.throwHttpStatusError(HttpRequests.java:730)
	at com.intellij.util.io.HttpRequests.openConnection(HttpRequests.java:693)
	at com.intellij.util.io.HttpRequests$RequestImpl.getConnection(HttpRequests.java:394)
	at com.intellij.util.io.HttpRequests$RequestImpl.doReadBytes(HttpRequests.java:470)
	at com.intellij.util.io.HttpRequests$RequestImpl.readString(HttpRequests.java:459)
	at com.intellij.util.io.RequestBuilder.lambda$readString$5(RequestBuilder.java:86)
	at com.intellij.util.io.HttpRequests.doProcess(HttpRequests.java:557)
	at com.intellij.util.io.HttpRequests.process(HttpRequests.java:540)
	at com.intellij.util.io.HttpRequests$RequestBuilderImpl.connect(HttpRequests.java:368)
	at com.intellij.util.io.RequestBuilder.readString(RequestBuilder.java:86)
	at com.intellij.util.io.RequestBuilder.readString(RequestBuilder.java:90)
	at org.jetbrains.plugins.gradle.jvmcompat.IdeVersionedDataUpdater.retrieveNewData(IdeVersionedDataUpdater.kt:42)
	at org.jetbrains.plugins.gradle.jvmcompat.IdeVersionedDataUpdater.checkForUpdates(IdeVersionedDataUpdater.kt:30)
	at org.jetbrains.plugins.gradle.service.project.GradleVersionUpdateStartupActivity.execute(GradleVersionUpdateStartupActivity.kt:20)
	at com.intellij.ide.startup.impl.StartupManagerImplKt$launchActivity$1.invokeSuspend(StartupManagerImpl.kt:534)
	at kotlin.coroutines.jvm.internal.BaseContinuationImpl.resumeWith(ContinuationImpl.kt:34)
	at kotlinx.coroutines.DispatchedTask.run(DispatchedTask.kt:100)
	at kotlinx.coroutines.scheduling.CoroutineScheduler.runSafely(CoroutineScheduler.kt:610)
	at kotlinx.coroutines.scheduling.CoroutineScheduler$Worker.runDefaultDispatcherTask(CoroutineScheduler.kt:1194)
	at kotlinx.coroutines.scheduling.CoroutineScheduler$Worker.executeTask(CoroutineScheduler.kt:906)
	at kotlinx.coroutines.scheduling.CoroutineScheduler$Worker.runWorker(CoroutineScheduler.kt:775)
	at kotlinx.coroutines.scheduling.CoroutineScheduler$Worker.run(CoroutineScheduler.kt:762)
2026-08-17 00:30:53,297 [  38779]   WARN - #com.android.studio.ml.backends.aicode.AiCodeQuotaService - Failed to fetch quota status
io.grpc.StatusException: UNAUTHENTICATED
	at io.grpc.Status.asException(Status.java:547)
	at io.grpc.kotlin.ClientCalls$rpcImpl$1$1$1.onClose(ClientCalls.kt:300)
	at io.grpc.internal.ClientCallImpl.closeObserver(ClientCallImpl.java:565)
	at io.grpc.internal.ClientCallImpl.access$100(ClientCallImpl.java:72)
	at io.grpc.internal.ClientCallImpl$ClientStreamListenerImpl$1StreamClosed.runInternal(ClientCallImpl.java:733)
	at io.grpc.internal.ClientCallImpl$ClientStreamListenerImpl$1StreamClosed.runInContext(ClientCallImpl.java:714)
	at io.grpc.internal.ContextRunnable.run(ContextRunnable.java:37)
	at io.grpc.internal.SerializingExecutor.run(SerializingExecutor.java:133)
	at java.base/java.util.concurrent.ThreadPoolExecutor.runWorker(Unknown Source)
	at java.base/java.util.concurrent.ThreadPoolExecutor$Worker.run(Unknown Source)
	at java.base/java.lang.Thread.run(Unknown Source)
Caused by: java.lang.IllegalStateException: Authenticator does not have OAuth token
	at com.android.studio.ml.backends.aicode.TokenCallCredentials.applyRequestMetadata$lambda$0(AiCodeEndpoint.kt:89)
	... 3 more
2026-08-17 00:46:25,598 [ 971080]   WARN - #c.i.o.e.s.i.ExternalSystemProcessingManagerImpl - onStatusChange is invoked before onStart or after onEnd (event: RESOLVE_PROJECT:0-Build model 'org.jetbrains.plugins.gradle.model.tests.ExternalTestsModel' for project ':ui:f771-ui')
OPERATION COMPLETE: null
* Gradle invocation 1 has completed in: 984991ms
2026-08-17 00:48:21,485 [1086967]   WARN - #c.i.o.p.i.j.JdkAuto - Multiple SdkType candidates kotlin.sequences.TransformingSequence@1b729a16. Proceeding with a first candidate: JavaSDK
2026-08-17 00:50:11,608 [1197090]   WARN - #c.i.p.instanceContainer - InstanceNotOverridableException: Override failed for com.android.tools.idea.databinding.analytics.api.DataBindingTracker: com.android.tools.idea.databinding.analytics.LayoutBindingTracker attempts to override com.android.tools.idea.databinding.analytics.DataBindingDefaultTracker, but the existing implementation is not overriddable (not declared as 'open=true')
2026-08-17 00:50:11,608 [1197090]   WARN - #c.i.p.instanceContainer - InstanceNotOverridableException: Override failed for com.intellij.openapi.roots.ui.configuration.ProjectSettingsService: com.android.tools.idea.gradle.structure.AndroidProjectSettingsServiceImpl attempts to override com.intellij.openapi.roots.ui.configuration.IdeaProjectSettingsService, but the existing implementation is not overriddable (not declared as 'open=true')
2026-08-17 00:50:11,714 [1197196]   WARN - #o.j.k.i.g.s.v.f.KotlinBuildToolFusFlowProcessor - Kotlin build FUS file with name e35ec22f-3841-4ac1-9baf-d8937eb12c47-38c9f42a-85b9-4ca4-b8ff-f53f2b871612.kotlin-profile contains data for build e35ec22f-3841-4ac1-9baf-d8937eb12c47
2026-08-17 00:50:11,721 [1197203]   WARN - #o.j.k.i.g.s.v.f.KotlinBuildToolFusFlowProcessor - Kotlin build FUS file with name ff20bc62-563c-42ea-9fee-bdfde976b034-51be0826-1d95-4b41-b303-5c5489871c9a.kotlin-profile contains data for build ff20bc62-563c-42ea-9fee-bdfde976b034
2026-08-17 00:50:11,721 [1197203]   WARN - #o.j.k.i.g.s.v.f.KotlinBuildToolFusFlowProcessor - Kotlin build FUS file with name ff20bc62-563c-42ea-9fee-bdfde976b034-32be5feb-82a8-4a51-9a3a-d3109efe3de3.kotlin-profile contains data for build ff20bc62-563c-42ea-9fee-bdfde976b034
2026-08-17 00:50:11,722 [1197204]   WARN - #o.j.k.i.g.s.v.f.KotlinBuildToolFusFlowProcessor - Kotlin build FUS file with name ff20bc62-563c-42ea-9fee-bdfde976b034-03c999c5-2d44-4cb5-b784-153ad9dae17c.kotlin-profile contains data for build ff20bc62-563c-42ea-9fee-bdfde976b034
2026-08-17 00:50:11,722 [1197204]   WARN - #o.j.k.i.g.s.v.f.KotlinBuildToolFusFlowProcessor - Kotlin build FUS file with name ff20bc62-563c-42ea-9fee-bdfde976b034-c7c59b26-644a-40a0-925b-3ab154ec22f8.kotlin-profile contains data for build ff20bc62-563c-42ea-9fee-bdfde976b034
2026-08-17 00:50:11,722 [1197204]   WARN - #o.j.k.i.g.s.v.f.KotlinBuildToolFusFlowProcessor - Kotlin build FUS file with name ff20bc62-563c-42ea-9fee-bdfde976b034-cb227b32-b129-49d7-af98-bb53ecfbe918.kotlin-profile contains data for build ff20bc62-563c-42ea-9fee-bdfde976b034
2026-08-17 00:50:11,723 [1197205]   WARN - #o.j.k.i.g.s.v.f.KotlinBuildToolFusFlowProcessor - Kotlin build FUS file with name ff20bc62-563c-42ea-9fee-bdfde976b034-fe9a80b7-a1c2-4d83-b48d-edd8be568d7a.kotlin-profile contains data for build ff20bc62-563c-42ea-9fee-bdfde976b034
2026-08-17 00:50:11,723 [1197205]   WARN - #o.j.k.i.g.s.v.f.KotlinBuildToolFusFlowProcessor - Kotlin build FUS file with name ff20bc62-563c-42ea-9fee-bdfde976b034-4a3a484b-3833-4a43-987f-7ac85e9d4769.kotlin-profile contains data for build ff20bc62-563c-42ea-9fee-bdfde976b034
2026-08-17 00:50:11,724 [1197206]   WARN - #o.j.k.i.g.s.v.f.KotlinBuildToolFusFlowProcessor - Kotlin build FUS file with name ff20bc62-563c-42ea-9fee-bdfde976b034-87b25602-e600-472a-a7f7-c295999df3c4.kotlin-profile contains data for build ff20bc62-563c-42ea-9fee-bdfde976b034
2026-08-17 00:50:11,724 [1197206]   WARN - #o.j.k.i.g.s.v.f.KotlinBuildToolFusFlowProcessor - Kotlin build FUS file with name ff20bc62-563c-42ea-9fee-bdfde976b034-b6ffe017-23af-4bf5-b4ed-93e9ac68252f.kotlin-profile contains data for build ff20bc62-563c-42ea-9fee-bdfde976b034
2026-08-17 00:50:11,724 [1197206]   WARN - #o.j.k.i.g.s.v.f.KotlinBuildToolFusFlowProcessor - Kotlin build FUS file with name ff20bc62-563c-42ea-9fee-bdfde976b034-46c25f02-e1cc-4c66-be09-21168ca28198.kotlin-profile contains data for build ff20bc62-563c-42ea-9fee-bdfde976b034
2026-08-17 00:50:11,725 [1197207]   WARN - #o.j.k.i.g.s.v.f.KotlinBuildToolFusFlowProcessor - Kotlin build FUS file with name ff20bc62-563c-42ea-9fee-bdfde976b034-cb06668f-6ec3-402d-b49e-19e2c154b7f0.kotlin-profile contains data for build ff20bc62-563c-42ea-9fee-bdfde976b034
2026-08-17 00:50:11,725 [1197207]   WARN - #o.j.k.i.g.s.v.f.KotlinBuildToolFusFlowProcessor - Kotlin build FUS file with name ff20bc62-563c-42ea-9fee-bdfde976b034-62a6ec44-8e90-4691-b816-6f7d32f5d185.kotlin-profile contains data for build ff20bc62-563c-42ea-9fee-bdfde976b034
2026-08-17 00:50:11,726 [1197208]   WARN - #o.j.k.i.g.s.v.f.KotlinBuildToolFusFlowProcessor - Kotlin build FUS file with name ff20bc62-563c-42ea-9fee-bdfde976b034-8c11f359-7052-4d09-bf11-9c08a493b8ad.kotlin-profile contains data for build ff20bc62-563c-42ea-9fee-bdfde976b034
2026-08-17 00:50:11,726 [1197208]   WARN - #o.j.k.i.g.s.v.f.KotlinBuildToolFusFlowProcessor - Kotlin build FUS file with name ff20bc62-563c-42ea-9fee-bdfde976b034-4b754757-0834-4fbc-b0fc-5392a7ec45f4.kotlin-profile contains data for build ff20bc62-563c-42ea-9fee-bdfde976b034
2026-08-17 00:50:11,726 [1197208]   WARN - #o.j.k.i.g.s.v.f.KotlinBuildToolFusFlowProcessor - Kotlin build FUS file with name ff20bc62-563c-42ea-9fee-bdfde976b034-8a1b8106-edf0-462b-917a-c63e491cf8af.kotlin-profile contains data for build ff20bc62-563c-42ea-9fee-bdfde976b034
2026-08-17 00:50:11,727 [1197209]   WARN - #o.j.k.i.g.s.v.f.KotlinBuildToolFusFlowProcessor - Kotlin build FUS file with name ff20bc62-563c-42ea-9fee-bdfde976b034-82baf62c-c6e6-463d-b841-a67f0e891c36.kotlin-profile contains data for build ff20bc62-563c-42ea-9fee-bdfde976b034
2026-08-17 00:50:11,727 [1197209]   WARN - #o.j.k.i.g.s.v.f.KotlinBuildToolFusFlowProcessor - Kotlin build FUS file with name ff20bc62-563c-42ea-9fee-bdfde976b034-2c82a19f-b41e-4afc-8b7c-9afdfa9d3856.kotlin-profile contains data for build ff20bc62-563c-42ea-9fee-bdfde976b034
2026-08-17 00:50:11,728 [1197210]   WARN - #o.j.k.i.g.s.v.f.KotlinBuildToolFusFlowProcessor - Kotlin build FUS file with name ff20bc62-563c-42ea-9fee-bdfde976b034-d5c3e839-49b6-49db-b503-68a5c7e4eff3.kotlin-profile contains data for build ff20bc62-563c-42ea-9fee-bdfde976b034
2026-08-17 00:50:11,728 [1197210]   WARN - #o.j.k.i.g.s.v.f.KotlinBuildToolFusFlowProcessor - Kotlin build FUS file with name ff20bc62-563c-42ea-9fee-bdfde976b034-4fb4dbec-4a14-4bc8-987f-75e196aa30f0.kotlin-profile contains data for build ff20bc62-563c-42ea-9fee-bdfde976b034
2026-08-17 00:50:11,728 [1197210]   WARN - #o.j.k.i.g.s.v.f.KotlinBuildToolFusFlowProcessor - Kotlin build FUS file with name ff20bc62-563c-42ea-9fee-bdfde976b034-393f1850-1679-4f28-a033-d77b522e4b6d.kotlin-profile contains data for build ff20bc62-563c-42ea-9fee-bdfde976b034
2026-08-17 00:50:11,729 [1197211]   WARN - #o.j.k.i.g.s.v.f.KotlinBuildToolFusFlowProcessor - Kotlin build FUS file with name ff20bc62-563c-42ea-9fee-bdfde976b034-dc452ba8-23c1-428d-9375-920849ab5687.kotlin-profile contains data for build ff20bc62-563c-42ea-9fee-bdfde976b034
2026-08-17 00:50:34,438 [1219920]   WARN - #c.i.w.i.i.WorkspaceModelMessageDeliveryListener - Long WSM event processing. Topic=WorkspaceModelChangeListener, offender=class com.intellij.workspaceModel.ide.impl.legacyBridge.module.LegacyProjectModelListenersBridge, message=changed, time=620ms
* Creating project connection
* Using Gradle home: /home/olowo/IdeaProjects/GradleExperiments-v2/measure/feature-module-3000/gradle-user-home/wrapper/dists/gradle-9.8.0-bin/2mnsxxzcxjvjjwa48iyow8v2s/gradle-9.8.0-20260816210000+0000
* Starting tooling API operation org.gradle.tooling.internal.consumer.DefaultPhasedBuildActionExecuter@5c60d85e
* Gradle invocation 2 has started, waiting for it to complete...
* Using Gradle args: [--gradle-user-home, /home/olowo/IdeaProjects/GradleExperiments-v2/measure/feature-module-3000/gradle-user-home, -I, /tmp/gradleProfiler13093965681534168382.gradle]
* Using JVM args: [-Xms2g, -Xmx11g, -Dfile.encoding=UTF-8, -Duser.country, -Duser.language=en, -Duser.variant, -Dgradle.internal.probe.legacyResolvedGraph=true, -Dfile.encoding=UTF-8, -Dorg.gradle.profiler.scenario=studio-sync-oom, -Dorg.gradle.profiler.phase=MEASURE, -Dorg.gradle.profiler.phase.display.name=measured, -Dorg.gradle.profiler.number=1, -Dorg.gradle.profiler.step=BUILD]
2026-08-17 01:01:26,759 [1872241]   WARN - #c.i.o.e.s.i.ExternalSystemProcessingManagerImpl - onStatusChange is invoked before onStart or after onEnd (event: RESOLVE_PROJECT:1-Build model 'com.android.builder.model.v2.models.VariantDependenciesAdjacencyList' for project ':api:f718-api')
